../Core/Src/main.c:26:5:_write	32	static
../Core/Src/main.c:32:6:waiting	24	static
../Core/Src/main.c:74:6:EXTI15_10_IRQHandler	4	static
../Core/Src/main.c:82:6:EXTI4_IRQHandler	4	static
../Core/Src/main.c:95:5:main	24	static
../Core/Src/main.c:211:6:SystemClock_Config	80	static
../Core/Src/main.c:255:13:MX_ADC_Init	24	static
../Core/Src/main.c:310:13:MX_USART2_UART_Init	8	static
../Core/Src/main.c:343:13:MX_GPIO_Init	48	static
../Core/Src/main.c:401:6:Error_Handler	4	static,ignoring_inline_asm
