../Core/Src/main.c:26:5:_write	32	static
../Core/Src/main.c:32:6:waiting	24	static
../Core/Src/main.c:95:6:EXTI15_10_IRQHandler	8	static
../Core/Src/main.c:106:6:EXTI4_IRQHandler	4	static
../Core/Src/main.c:118:6:leer_potenciometro	4	static
../Core/Src/main.c:125:6:TIM4_IRQHandler	16	static
../Core/Src/main.c:168:6:medir	4	static
../Core/Src/main.c:175:6:TIM3_IRQHandler	4	static
../Core/Src/main.c:206:6:update_led_distance	16	static
../Core/Src/main.c:236:6:servo	16	static
../Core/Src/main.c:253:5:main	16	static
../Core/Src/main.c:459:6:SystemClock_Config	80	static
../Core/Src/main.c:503:13:MX_ADC_Init	24	static
../Core/Src/main.c:558:13:MX_TIM2_Init	32	static
../Core/Src/main.c:607:13:MX_TIM3_Init	32	static
../Core/Src/main.c:655:13:MX_TIM4_Init	32	static
../Core/Src/main.c:700:13:MX_USART2_UART_Init	8	static
../Core/Src/main.c:733:13:MX_GPIO_Init	48	static
../Core/Src/main.c:804:6:Error_Handler	4	static,ignoring_inline_asm
