../Core/Src/main.c:26:5:_write	32	static
../Core/Src/main.c:32:6:waiting	24	static
../Core/Src/main.c:76:6:EXTI15_10_IRQHandler	8	static
../Core/Src/main.c:85:6:EXTI4_IRQHandler	4	static
../Core/Src/main.c:98:5:main	24	static
../Core/Src/main.c:234:6:SystemClock_Config	80	static
../Core/Src/main.c:278:13:MX_ADC_Init	24	static
../Core/Src/main.c:333:13:MX_USART2_UART_Init	8	static
../Core/Src/main.c:366:13:MX_GPIO_Init	48	static
../Core/Src/main.c:424:6:Error_Handler	4	static,ignoring_inline_asm
